// Jest Snapshot v1, https://goo.gl/fbAQLP

exports[`AuthStack (Gede-Test-Auth) — issue 033, ADR-0009 matches the snapshot 1`] = `
{
  "Description": "GeDe v2 identity: Cognito User Pool + public App Client (email/password, PKCE/SRP, no client secret) — issue 033 (ADR-0009), replacing the Api stack's former \`auth\` Fargate stub",
  "Outputs": {
    "UserPoolClientId": {
      "Description": "Cognito App Client id - consumed by the frontend build (VITE_COGNITO_CLIENT_ID).",
      "Export": {
        "Name": "Gede-Test-Auth-UserPoolClientId",
      },
      "Value": {
        "Ref": "AppClient4AE61178",
      },
    },
    "UserPoolId": {
      "Description": "Cognito User Pool id - consumed by the frontend build (VITE_COGNITO_USER_POOL_ID).",
      "Export": {
        "Name": "Gede-Test-Auth-UserPoolId",
      },
      "Value": {
        "Ref": "UserPool6BA7E5F2",
      },
    },
    "UserPoolJwksUri": {
      "Description": "JWKS endpoint for validating the Cognito-issued JWT (RS256) - the seam 032 (sync/API) and 034 (RLS, keyed on the \`sub\` claim) validate against.",
      "Export": {
        "Name": "Gede-Test-Auth-UserPoolJwksUri",
      },
      "Value": {
        "Fn::Join": [
          "",
          [
            "https://cognito-idp.us-east-1.amazonaws.com/",
            {
              "Ref": "UserPool6BA7E5F2",
            },
            "/.well-known/jwks.json",
          ],
        ],
      },
    },
  },
  "Parameters": {
    "BootstrapVersion": {
      "Default": "/cdk-bootstrap/hnb659fds/version",
      "Description": "Version of the CDK Bootstrap resources in this environment, automatically retrieved from SSM Parameter Store. [cdk:skip]",
      "Type": "AWS::SSM::Parameter::Value<String>",
    },
  },
  "Resources": {
    "AppClient4AE61178": {
      "Properties": {
        "AllowedOAuthFlows": [
          "implicit",
          "code",
        ],
        "AllowedOAuthFlowsUserPoolClient": true,
        "AllowedOAuthScopes": [
          "profile",
          "phone",
          "email",
          "openid",
          "aws.cognito.signin.user.admin",
        ],
        "CallbackURLs": [
          "https://example.com",
        ],
        "ExplicitAuthFlows": [
          "ALLOW_USER_SRP_AUTH",
          "ALLOW_REFRESH_TOKEN_AUTH",
        ],
        "GenerateSecret": false,
        "PreventUserExistenceErrors": "ENABLED",
        "SupportedIdentityProviders": [
          "COGNITO",
        ],
        "UserPoolId": {
          "Ref": "UserPool6BA7E5F2",
        },
      },
      "Type": "AWS::Cognito::UserPoolClient",
    },
    "MembersGroup": {
      "Properties": {
        "Description": "Default group for authenticated users - seam for workspace roles (issues 034/035).",
        "GroupName": "member",
        "UserPoolId": {
          "Ref": "UserPool6BA7E5F2",
        },
      },
      "Type": "AWS::Cognito::UserPoolGroup",
    },
    "UserPool6BA7E5F2": {
      "DeletionPolicy": "Retain",
      "Properties": {
        "AccountRecoverySetting": {
          "RecoveryMechanisms": [
            {
              "Name": "verified_email",
              "Priority": 1,
            },
          ],
        },
        "AdminCreateUserConfig": {
          "AllowAdminCreateUserOnly": false,
        },
        "AutoVerifiedAttributes": [
          "email",
        ],
        "EmailVerificationMessage": "The verification code to your new account is {####}",
        "EmailVerificationSubject": "Verify your new account",
        "Policies": {
          "PasswordPolicy": {
            "MinimumLength": 8,
            "RequireLowercase": true,
            "RequireNumbers": true,
            "RequireSymbols": false,
            "RequireUppercase": true,
          },
        },
        "Schema": [
          {
            "Mutable": true,
            "Name": "email",
            "Required": true,
          },
        ],
        "SmsVerificationMessage": "The verification code to your new account is {####}",
        "UserPoolTags": {
          "Application": "GeDe",
          "Environment": "test",
          "ManagedBy": "CDK",
          "Organization": "quadnomics",
        },
        "UsernameAttributes": [
          "email",
        ],
        "VerificationMessageTemplate": {
          "DefaultEmailOption": "CONFIRM_WITH_CODE",
          "EmailMessage": "The verification code to your new account is {####}",
          "EmailSubject": "Verify your new account",
          "SmsMessage": "The verification code to your new account is {####}",
        },
      },
      "Type": "AWS::Cognito::UserPool",
      "UpdateReplacePolicy": "Retain",
    },
  },
  "Rules": {
    "CheckBootstrapVersion": {
      "Assertions": [
        {
          "Assert": {
            "Fn::Not": [
              {
                "Fn::Contains": [
                  [
                    "1",
                    "2",
                    "3",
                    "4",
                    "5",
                  ],
                  {
                    "Ref": "BootstrapVersion",
                  },
                ],
              },
            ],
          },
          "AssertDescription": "CDK bootstrap stack version 6 required. Please run 'cdk bootstrap' with a recent version of the CDK CLI.",
        },
      ],
    },
  },
}
`;
