// Jest Snapshot v1, https://goo.gl/fbAQLP

exports[`AuthStack (Gede-Test-Auth) — issue 033, ADR-0009 matches the snapshot 1`] = `
{
  "Description": "GeDe v2 identity: Cognito User Pool + public App Client (email/password, PKCE/SRP, no client secret) — issue 033 (ADR-0009), replacing the Api stack's former \`auth\` Fargate stub — plus a VPC-attached PostConfirmation provisioning trigger (issue 050)",
  "Outputs": {
    "ExportsOutputRefUserPool6BA7E5F296FD7236": {
      "Export": {
        "Name": "Gede-Test-Auth:ExportsOutputRefUserPool6BA7E5F296FD7236",
      },
      "Value": {
        "Ref": "UserPool6BA7E5F2",
      },
    },
    "UserPoolClientId": {
      "Description": "Cognito App Client id - consumed by the frontend build (VITE_COGNITO_CLIENT_ID).",
      "Export": {
        "Name": "Gede-Test-Auth-UserPoolClientId",
      },
      "Value": {
        "Ref": "AppClient4AE61178",
      },
    },
    "UserPoolId": {
      "Description": "Cognito User Pool id - consumed by the frontend build (VITE_COGNITO_USER_POOL_ID).",
      "Export": {
        "Name": "Gede-Test-Auth-UserPoolId",
      },
      "Value": {
        "Ref": "UserPool6BA7E5F2",
      },
    },
    "UserPoolJwksUri": {
      "Description": "JWKS endpoint for validating the Cognito-issued JWT (RS256) - the seam 032 (sync/API) and 034 (RLS, keyed on the \`sub\` claim) validate against.",
      "Export": {
        "Name": "Gede-Test-Auth-UserPoolJwksUri",
      },
      "Value": {
        "Fn::Join": [
          "",
          [
            "https://cognito-idp.us-east-1.amazonaws.com/",
            {
              "Ref": "UserPool6BA7E5F2",
            },
            "/.well-known/jwks.json",
          ],
        ],
      },
    },
  },
  "Parameters": {
    "BootstrapVersion": {
      "Default": "/cdk-bootstrap/hnb659fds/version",
      "Description": "Version of the CDK Bootstrap resources in this environment, automatically retrieved from SSM Parameter Store. [cdk:skip]",
      "Type": "AWS::SSM::Parameter::Value<String>",
    },
  },
  "Resources": {
    "AllowProvisionWorkspaceToPostgres": {
      "Properties": {
        "Description": "PostConfirmation provisioning Lambda (issue 050) to Postgres 5432 - a distinct ingress rule on the Data security group (alongside the compute/write-API/debug-API Lambda rules); still never 0.0.0.0/0.",
        "FromPort": 5432,
        "GroupId": {
          "Fn::ImportValue": "Gede-Test-Data:ExportsOutputFnGetAttDatabaseSecurityGroup7319C0F6GroupId72A1B827",
        },
        "IpProtocol": "tcp",
        "SourceSecurityGroupId": {
          "Fn::GetAtt": [
            "ProvisionWorkspaceSecurityGroup25F87C04",
            "GroupId",
          ],
        },
        "ToPort": 5432,
      },
      "Type": "AWS::EC2::SecurityGroupIngress",
    },
    "AppClient4AE61178": {
      "Properties": {
        "AllowedOAuthFlows": [
          "implicit",
          "code",
        ],
        "AllowedOAuthFlowsUserPoolClient": true,
        "AllowedOAuthScopes": [
          "profile",
          "phone",
          "email",
          "openid",
          "aws.cognito.signin.user.admin",
        ],
        "CallbackURLs": [
          "https://example.com",
        ],
        "ExplicitAuthFlows": [
          "ALLOW_USER_SRP_AUTH",
          "ALLOW_REFRESH_TOKEN_AUTH",
        ],
        "GenerateSecret": false,
        "PreventUserExistenceErrors": "ENABLED",
        "SupportedIdentityProviders": [
          "COGNITO",
        ],
        "UserPoolId": {
          "Ref": "UserPool6BA7E5F2",
        },
      },
      "Type": "AWS::Cognito::UserPoolClient",
    },
    "MembersGroup": {
      "Properties": {
        "Description": "Default group for authenticated users - seam for workspace roles (issues 034/035).",
        "GroupName": "member",
        "UserPoolId": {
          "Ref": "UserPool6BA7E5F2",
        },
      },
      "Type": "AWS::Cognito::UserPoolGroup",
    },
    "ProvisionWorkspaceFunction8FB01547": {
      "DependsOn": [
        "ProvisionWorkspaceFunctionServiceRoleDefaultPolicyD953788C",
        "ProvisionWorkspaceFunctionServiceRole68BF81DE",
      ],
      "Properties": {
        "Code": {
          "S3Bucket": "cdk-hnb659fds-assets-975049998516-us-east-1",
          "S3Key": "410e90855bde0444b2c470e8bab8023ee032fa42342d1813afb8c25cd70e9200.zip",
        },
        "Description": "Gede-Test-Auth Cognito PostConfirmation trigger (issue 050) - idempotently creates the confirmed user's personal workspace + owner membership in Postgres.",
        "Environment": {
          "Variables": {
            "DATABASE_ENDPOINT": {
              "Fn::ImportValue": "Gede-Test-Data:ExportsOutputFnGetAttDatabaseB269D8BBEndpointAddressA4DBD059",
            },
            "DATABASE_SECRET_ARN": {
              "Fn::ImportValue": "Gede-Test-Data:ExportsOutputRefDatabaseSecretAttachmentE5D1B020633AEB73",
            },
          },
        },
        "Handler": "index.handler",
        "MemorySize": 256,
        "Role": {
          "Fn::GetAtt": [
            "ProvisionWorkspaceFunctionServiceRole68BF81DE",
            "Arn",
          ],
        },
        "Runtime": "nodejs20.x",
        "Tags": [
          {
            "Key": "Application",
            "Value": "GeDe",
          },
          {
            "Key": "Environment",
            "Value": "test",
          },
          {
            "Key": "ManagedBy",
            "Value": "CDK",
          },
          {
            "Key": "Organization",
            "Value": "quadnomics",
          },
        ],
        "Timeout": 10,
        "VpcConfig": {
          "SecurityGroupIds": [
            {
              "Fn::GetAtt": [
                "ProvisionWorkspaceSecurityGroup25F87C04",
                "GroupId",
              ],
            },
          ],
          "SubnetIds": [
            {
              "Fn::ImportValue": "Gede-Test-Network:ExportsOutputRefVpcprivateSubnet1SubnetCEAD37168693D373",
            },
            {
              "Fn::ImportValue": "Gede-Test-Network:ExportsOutputRefVpcprivateSubnet2Subnet2DE7549CDF5ACE3D",
            },
          ],
        },
      },
      "Type": "AWS::Lambda::Function",
    },
    "ProvisionWorkspaceFunctionServiceRole68BF81DE": {
      "Properties": {
        "AssumeRolePolicyDocument": {
          "Statement": [
            {
              "Action": "sts:AssumeRole",
              "Effect": "Allow",
              "Principal": {
                "Service": "lambda.amazonaws.com",
              },
            },
          ],
          "Version": "2012-10-17",
        },
        "ManagedPolicyArns": [
          {
            "Fn::Join": [
              "",
              [
                "arn:",
                {
                  "Ref": "AWS::Partition",
                },
                ":iam::aws:policy/service-role/AWSLambdaBasicExecutionRole",
              ],
            ],
          },
          {
            "Fn::Join": [
              "",
              [
                "arn:",
                {
                  "Ref": "AWS::Partition",
                },
                ":iam::aws:policy/service-role/AWSLambdaVPCAccessExecutionRole",
              ],
            ],
          },
        ],
        "Tags": [
          {
            "Key": "Application",
            "Value": "GeDe",
          },
          {
            "Key": "Environment",
            "Value": "test",
          },
          {
            "Key": "ManagedBy",
            "Value": "CDK",
          },
          {
            "Key": "Organization",
            "Value": "quadnomics",
          },
        ],
      },
      "Type": "AWS::IAM::Role",
    },
    "ProvisionWorkspaceFunctionServiceRoleDefaultPolicyD953788C": {
      "Properties": {
        "PolicyDocument": {
          "Statement": [
            {
              "Action": [
                "secretsmanager:GetSecretValue",
                "secretsmanager:DescribeSecret",
              ],
              "Effect": "Allow",
              "Resource": {
                "Fn::ImportValue": "Gede-Test-Data:ExportsOutputRefDatabaseSecretAttachmentE5D1B020633AEB73",
              },
            },
          ],
          "Version": "2012-10-17",
        },
        "PolicyName": "ProvisionWorkspaceFunctionServiceRoleDefaultPolicyD953788C",
        "Roles": [
          {
            "Ref": "ProvisionWorkspaceFunctionServiceRole68BF81DE",
          },
        ],
      },
      "Type": "AWS::IAM::Policy",
    },
    "ProvisionWorkspaceSecurityGroup25F87C04": {
      "Properties": {
        "GroupDescription": "Gede-Test-Auth PostConfirmation provisioning Lambda (issue 050) - egress to Postgres (5432) only; nothing ingresses to it over the network.",
        "SecurityGroupEgress": [
          {
            "CidrIp": "0.0.0.0/0",
            "Description": "Allow all outbound traffic by default",
            "IpProtocol": "-1",
          },
        ],
        "Tags": [
          {
            "Key": "Application",
            "Value": "GeDe",
          },
          {
            "Key": "Environment",
            "Value": "test",
          },
          {
            "Key": "ManagedBy",
            "Value": "CDK",
          },
          {
            "Key": "Organization",
            "Value": "quadnomics",
          },
        ],
        "VpcId": {
          "Fn::ImportValue": "Gede-Test-Network:ExportsOutputRefVpc8378EB38272D6E3A",
        },
      },
      "Type": "AWS::EC2::SecurityGroup",
    },
    "UserPool6BA7E5F2": {
      "DeletionPolicy": "Retain",
      "Properties": {
        "AccountRecoverySetting": {
          "RecoveryMechanisms": [
            {
              "Name": "verified_email",
              "Priority": 1,
            },
          ],
        },
        "AdminCreateUserConfig": {
          "AllowAdminCreateUserOnly": false,
        },
        "AutoVerifiedAttributes": [
          "email",
        ],
        "EmailVerificationMessage": "The verification code to your new account is {####}",
        "EmailVerificationSubject": "Verify your new account",
        "LambdaConfig": {
          "PostConfirmation": {
            "Fn::GetAtt": [
              "ProvisionWorkspaceFunction8FB01547",
              "Arn",
            ],
          },
        },
        "Policies": {
          "PasswordPolicy": {
            "MinimumLength": 8,
            "RequireLowercase": true,
            "RequireNumbers": true,
            "RequireSymbols": false,
            "RequireUppercase": true,
          },
        },
        "Schema": [
          {
            "Mutable": true,
            "Name": "email",
            "Required": true,
          },
        ],
        "SmsVerificationMessage": "The verification code to your new account is {####}",
        "UserPoolTags": {
          "Application": "GeDe",
          "Environment": "test",
          "ManagedBy": "CDK",
          "Organization": "quadnomics",
        },
        "UsernameAttributes": [
          "email",
        ],
        "VerificationMessageTemplate": {
          "DefaultEmailOption": "CONFIRM_WITH_CODE",
          "EmailMessage": "The verification code to your new account is {####}",
          "EmailSubject": "Verify your new account",
          "SmsMessage": "The verification code to your new account is {####}",
        },
      },
      "Type": "AWS::Cognito::UserPool",
      "UpdateReplacePolicy": "Retain",
    },
    "UserPoolPostConfirmationCognito0E6001F8": {
      "Properties": {
        "Action": "lambda:InvokeFunction",
        "FunctionName": {
          "Fn::GetAtt": [
            "ProvisionWorkspaceFunction8FB01547",
            "Arn",
          ],
        },
        "Principal": "cognito-idp.amazonaws.com",
        "SourceArn": {
          "Fn::GetAtt": [
            "UserPool6BA7E5F2",
            "Arn",
          ],
        },
      },
      "Type": "AWS::Lambda::Permission",
    },
  },
  "Rules": {
    "CheckBootstrapVersion": {
      "Assertions": [
        {
          "Assert": {
            "Fn::Not": [
              {
                "Fn::Contains": [
                  [
                    "1",
                    "2",
                    "3",
                    "4",
                    "5",
                  ],
                  {
                    "Ref": "BootstrapVersion",
                  },
                ],
              },
            ],
          },
          "AssertDescription": "CDK bootstrap stack version 6 required. Please run 'cdk bootstrap' with a recent version of the CDK CLI.",
        },
      ],
    },
  },
}
`;
