// Jest Snapshot v1, https://goo.gl/fbAQLP

exports[`NetworkStack (Gede-Test-Network) matches the snapshot 1`] = `
{
  "Description": "GeDe network foundation (VPC, no NAT) — issue 040",
  "Outputs": {
    "VpcId": {
      "Description": "VPC id — consumed by future v2 compute stacks.",
      "Export": {
        "Name": "Gede-Test-Network-VpcId",
      },
      "Value": {
        "Ref": "Vpc8378EB38",
      },
    },
  },
  "Parameters": {
    "BootstrapVersion": {
      "Default": "/cdk-bootstrap/hnb659fds/version",
      "Description": "Version of the CDK Bootstrap resources in this environment, automatically retrieved from SSM Parameter Store. [cdk:skip]",
      "Type": "AWS::SSM::Parameter::Value<String>",
    },
  },
  "Resources": {
    "Vpc8378EB38": {
      "Properties": {
        "CidrBlock": "10.0.0.0/16",
        "EnableDnsHostnames": true,
        "EnableDnsSupport": true,
        "InstanceTenancy": "default",
        "Tags": [
          {
            "Key": "Application",
            "Value": "GeDe",
          },
          {
            "Key": "Environment",
            "Value": "test",
          },
          {
            "Key": "ManagedBy",
            "Value": "CDK",
          },
          {
            "Key": "Name",
            "Value": "Gede-Test-Network/Vpc",
          },
          {
            "Key": "Organization",
            "Value": "quadnomics",
          },
        ],
      },
      "Type": "AWS::EC2::VPC",
    },
    "VpcIGWD7BA715C": {
      "Properties": {
        "Tags": [
          {
            "Key": "Application",
            "Value": "GeDe",
          },
          {
            "Key": "Environment",
            "Value": "test",
          },
          {
            "Key": "ManagedBy",
            "Value": "CDK",
          },
          {
            "Key": "Name",
            "Value": "Gede-Test-Network/Vpc",
          },
          {
            "Key": "Organization",
            "Value": "quadnomics",
          },
        ],
      },
      "Type": "AWS::EC2::InternetGateway",
    },
    "VpcVPCGWBF912B6E": {
      "Properties": {
        "InternetGatewayId": {
          "Ref": "VpcIGWD7BA715C",
        },
        "VpcId": {
          "Ref": "Vpc8378EB38",
        },
      },
      "Type": "AWS::EC2::VPCGatewayAttachment",
    },
    "VpcisolatedSubnet1RouteTableAssociationD259E31A": {
      "Properties": {
        "RouteTableId": {
          "Ref": "VpcisolatedSubnet1RouteTableE442650B",
        },
        "SubnetId": {
          "Ref": "VpcisolatedSubnet1SubnetE62B1B9B",
        },
      },
      "Type": "AWS::EC2::SubnetRouteTableAssociation",
    },
    "VpcisolatedSubnet1RouteTableE442650B": {
      "Properties": {
        "Tags": [
          {
            "Key": "Application",
            "Value": "GeDe",
          },
          {
            "Key": "Environment",
            "Value": "test",
          },
          {
            "Key": "ManagedBy",
            "Value": "CDK",
          },
          {
            "Key": "Name",
            "Value": "Gede-Test-Network/Vpc/isolatedSubnet1",
          },
          {
            "Key": "Organization",
            "Value": "quadnomics",
          },
        ],
        "VpcId": {
          "Ref": "Vpc8378EB38",
        },
      },
      "Type": "AWS::EC2::RouteTable",
    },
    "VpcisolatedSubnet1SubnetE62B1B9B": {
      "Properties": {
        "AvailabilityZone": "us-east-1a",
        "CidrBlock": "10.0.2.0/24",
        "MapPublicIpOnLaunch": false,
        "Tags": [
          {
            "Key": "Application",
            "Value": "GeDe",
          },
          {
            "Key": "aws-cdk:subnet-name",
            "Value": "isolated",
          },
          {
            "Key": "aws-cdk:subnet-type",
            "Value": "Isolated",
          },
          {
            "Key": "Environment",
            "Value": "test",
          },
          {
            "Key": "ManagedBy",
            "Value": "CDK",
          },
          {
            "Key": "Name",
            "Value": "Gede-Test-Network/Vpc/isolatedSubnet1",
          },
          {
            "Key": "Organization",
            "Value": "quadnomics",
          },
        ],
        "VpcId": {
          "Ref": "Vpc8378EB38",
        },
      },
      "Type": "AWS::EC2::Subnet",
    },
    "VpcisolatedSubnet2RouteTable334F9764": {
      "Properties": {
        "Tags": [
          {
            "Key": "Application",
            "Value": "GeDe",
          },
          {
            "Key": "Environment",
            "Value": "test",
          },
          {
            "Key": "ManagedBy",
            "Value": "CDK",
          },
          {
            "Key": "Name",
            "Value": "Gede-Test-Network/Vpc/isolatedSubnet2",
          },
          {
            "Key": "Organization",
            "Value": "quadnomics",
          },
        ],
        "VpcId": {
          "Ref": "Vpc8378EB38",
        },
      },
      "Type": "AWS::EC2::RouteTable",
    },
    "VpcisolatedSubnet2RouteTableAssociation25A4716F": {
      "Properties": {
        "RouteTableId": {
          "Ref": "VpcisolatedSubnet2RouteTable334F9764",
        },
        "SubnetId": {
          "Ref": "VpcisolatedSubnet2Subnet39217055",
        },
      },
      "Type": "AWS::EC2::SubnetRouteTableAssociation",
    },
    "VpcisolatedSubnet2Subnet39217055": {
      "Properties": {
        "AvailabilityZone": "us-east-1b",
        "CidrBlock": "10.0.3.0/24",
        "MapPublicIpOnLaunch": false,
        "Tags": [
          {
            "Key": "Application",
            "Value": "GeDe",
          },
          {
            "Key": "aws-cdk:subnet-name",
            "Value": "isolated",
          },
          {
            "Key": "aws-cdk:subnet-type",
            "Value": "Isolated",
          },
          {
            "Key": "Environment",
            "Value": "test",
          },
          {
            "Key": "ManagedBy",
            "Value": "CDK",
          },
          {
            "Key": "Name",
            "Value": "Gede-Test-Network/Vpc/isolatedSubnet2",
          },
          {
            "Key": "Organization",
            "Value": "quadnomics",
          },
        ],
        "VpcId": {
          "Ref": "Vpc8378EB38",
        },
      },
      "Type": "AWS::EC2::Subnet",
    },
    "VpcpublicSubnet1DefaultRouteB88F9E93": {
      "DependsOn": [
        "VpcVPCGWBF912B6E",
      ],
      "Properties": {
        "DestinationCidrBlock": "0.0.0.0/0",
        "GatewayId": {
          "Ref": "VpcIGWD7BA715C",
        },
        "RouteTableId": {
          "Ref": "VpcpublicSubnet1RouteTable15C15F8E",
        },
      },
      "Type": "AWS::EC2::Route",
    },
    "VpcpublicSubnet1RouteTable15C15F8E": {
      "Properties": {
        "Tags": [
          {
            "Key": "Application",
            "Value": "GeDe",
          },
          {
            "Key": "Environment",
            "Value": "test",
          },
          {
            "Key": "ManagedBy",
            "Value": "CDK",
          },
          {
            "Key": "Name",
            "Value": "Gede-Test-Network/Vpc/publicSubnet1",
          },
          {
            "Key": "Organization",
            "Value": "quadnomics",
          },
        ],
        "VpcId": {
          "Ref": "Vpc8378EB38",
        },
      },
      "Type": "AWS::EC2::RouteTable",
    },
    "VpcpublicSubnet1RouteTableAssociation4E83B6E4": {
      "Properties": {
        "RouteTableId": {
          "Ref": "VpcpublicSubnet1RouteTable15C15F8E",
        },
        "SubnetId": {
          "Ref": "VpcpublicSubnet1Subnet2BB74ED7",
        },
      },
      "Type": "AWS::EC2::SubnetRouteTableAssociation",
    },
    "VpcpublicSubnet1Subnet2BB74ED7": {
      "Properties": {
        "AvailabilityZone": "us-east-1a",
        "CidrBlock": "10.0.0.0/24",
        "MapPublicIpOnLaunch": true,
        "Tags": [
          {
            "Key": "Application",
            "Value": "GeDe",
          },
          {
            "Key": "aws-cdk:subnet-name",
            "Value": "public",
          },
          {
            "Key": "aws-cdk:subnet-type",
            "Value": "Public",
          },
          {
            "Key": "Environment",
            "Value": "test",
          },
          {
            "Key": "ManagedBy",
            "Value": "CDK",
          },
          {
            "Key": "Name",
            "Value": "Gede-Test-Network/Vpc/publicSubnet1",
          },
          {
            "Key": "Organization",
            "Value": "quadnomics",
          },
        ],
        "VpcId": {
          "Ref": "Vpc8378EB38",
        },
      },
      "Type": "AWS::EC2::Subnet",
    },
    "VpcpublicSubnet2DefaultRoute732F0BEB": {
      "DependsOn": [
        "VpcVPCGWBF912B6E",
      ],
      "Properties": {
        "DestinationCidrBlock": "0.0.0.0/0",
        "GatewayId": {
          "Ref": "VpcIGWD7BA715C",
        },
        "RouteTableId": {
          "Ref": "VpcpublicSubnet2RouteTableC5A6DF77",
        },
      },
      "Type": "AWS::EC2::Route",
    },
    "VpcpublicSubnet2RouteTableAssociationCCE257FF": {
      "Properties": {
        "RouteTableId": {
          "Ref": "VpcpublicSubnet2RouteTableC5A6DF77",
        },
        "SubnetId": {
          "Ref": "VpcpublicSubnet2SubnetE34B022A",
        },
      },
      "Type": "AWS::EC2::SubnetRouteTableAssociation",
    },
    "VpcpublicSubnet2RouteTableC5A6DF77": {
      "Properties": {
        "Tags": [
          {
            "Key": "Application",
            "Value": "GeDe",
          },
          {
            "Key": "Environment",
            "Value": "test",
          },
          {
            "Key": "ManagedBy",
            "Value": "CDK",
          },
          {
            "Key": "Name",
            "Value": "Gede-Test-Network/Vpc/publicSubnet2",
          },
          {
            "Key": "Organization",
            "Value": "quadnomics",
          },
        ],
        "VpcId": {
          "Ref": "Vpc8378EB38",
        },
      },
      "Type": "AWS::EC2::RouteTable",
    },
    "VpcpublicSubnet2SubnetE34B022A": {
      "Properties": {
        "AvailabilityZone": "us-east-1b",
        "CidrBlock": "10.0.1.0/24",
        "MapPublicIpOnLaunch": true,
        "Tags": [
          {
            "Key": "Application",
            "Value": "GeDe",
          },
          {
            "Key": "aws-cdk:subnet-name",
            "Value": "public",
          },
          {
            "Key": "aws-cdk:subnet-type",
            "Value": "Public",
          },
          {
            "Key": "Environment",
            "Value": "test",
          },
          {
            "Key": "ManagedBy",
            "Value": "CDK",
          },
          {
            "Key": "Name",
            "Value": "Gede-Test-Network/Vpc/publicSubnet2",
          },
          {
            "Key": "Organization",
            "Value": "quadnomics",
          },
        ],
        "VpcId": {
          "Ref": "Vpc8378EB38",
        },
      },
      "Type": "AWS::EC2::Subnet",
    },
  },
  "Rules": {
    "CheckBootstrapVersion": {
      "Assertions": [
        {
          "Assert": {
            "Fn::Not": [
              {
                "Fn::Contains": [
                  [
                    "1",
                    "2",
                    "3",
                    "4",
                    "5",
                  ],
                  {
                    "Ref": "BootstrapVersion",
                  },
                ],
              },
            ],
          },
          "AssertDescription": "CDK bootstrap stack version 6 required. Please run 'cdk bootstrap' with a recent version of the CDK CLI.",
        },
      ],
    },
  },
}
`;
