// Jest Snapshot v1, https://goo.gl/fbAQLP

exports[`NetworkStack (Gede-Test-Network) matches the snapshot 1`] = `
{
  "Description": "GeDe network foundation (VPC + NAT + public/private/isolated subnets) — issue 040, extended by 030",
  "Outputs": {
    "ExportsOutputRefVpc8378EB38272D6E3A": {
      "Export": {
        "Name": "Gede-Test-Network:ExportsOutputRefVpc8378EB38272D6E3A",
      },
      "Value": {
        "Ref": "Vpc8378EB38",
      },
    },
    "ExportsOutputRefVpcisolatedSubnet1SubnetE62B1B9BEE029908": {
      "Export": {
        "Name": "Gede-Test-Network:ExportsOutputRefVpcisolatedSubnet1SubnetE62B1B9BEE029908",
      },
      "Value": {
        "Ref": "VpcisolatedSubnet1SubnetE62B1B9B",
      },
    },
    "ExportsOutputRefVpcisolatedSubnet2Subnet392170557C27A199": {
      "Export": {
        "Name": "Gede-Test-Network:ExportsOutputRefVpcisolatedSubnet2Subnet392170557C27A199",
      },
      "Value": {
        "Ref": "VpcisolatedSubnet2Subnet39217055",
      },
    },
    "ExportsOutputRefVpcprivateSubnet1SubnetCEAD37168693D373": {
      "Export": {
        "Name": "Gede-Test-Network:ExportsOutputRefVpcprivateSubnet1SubnetCEAD37168693D373",
      },
      "Value": {
        "Ref": "VpcprivateSubnet1SubnetCEAD3716",
      },
    },
    "ExportsOutputRefVpcprivateSubnet2Subnet2DE7549CDF5ACE3D": {
      "Export": {
        "Name": "Gede-Test-Network:ExportsOutputRefVpcprivateSubnet2Subnet2DE7549CDF5ACE3D",
      },
      "Value": {
        "Ref": "VpcprivateSubnet2Subnet2DE7549C",
      },
    },
    "ExportsOutputRefVpcpublicSubnet1Subnet2BB74ED74EB42ADC": {
      "Export": {
        "Name": "Gede-Test-Network:ExportsOutputRefVpcpublicSubnet1Subnet2BB74ED74EB42ADC",
      },
      "Value": {
        "Ref": "VpcpublicSubnet1Subnet2BB74ED7",
      },
    },
    "ExportsOutputRefVpcpublicSubnet2SubnetE34B022AC8BB6627": {
      "Export": {
        "Name": "Gede-Test-Network:ExportsOutputRefVpcpublicSubnet2SubnetE34B022AC8BB6627",
      },
      "Value": {
        "Ref": "VpcpublicSubnet2SubnetE34B022A",
      },
    },
    "VpcId": {
      "Description": "VPC id — consumed by future v2 compute stacks.",
      "Export": {
        "Name": "Gede-Test-Network-VpcId",
      },
      "Value": {
        "Ref": "Vpc8378EB38",
      },
    },
  },
  "Parameters": {
    "BootstrapVersion": {
      "Default": "/cdk-bootstrap/hnb659fds/version",
      "Description": "Version of the CDK Bootstrap resources in this environment, automatically retrieved from SSM Parameter Store. [cdk:skip]",
      "Type": "AWS::SSM::Parameter::Value<String>",
    },
  },
  "Resources": {
    "Vpc8378EB38": {
      "Properties": {
        "CidrBlock": "10.0.0.0/16",
        "EnableDnsHostnames": true,
        "EnableDnsSupport": true,
        "InstanceTenancy": "default",
        "Tags": [
          {
            "Key": "Application",
            "Value": "GeDe",
          },
          {
            "Key": "Environment",
            "Value": "test",
          },
          {
            "Key": "ManagedBy",
            "Value": "CDK",
          },
          {
            "Key": "Name",
            "Value": "Gede-Test-Network/Vpc",
          },
          {
            "Key": "Organization",
            "Value": "quadnomics",
          },
        ],
      },
      "Type": "AWS::EC2::VPC",
    },
    "VpcIGWD7BA715C": {
      "Properties": {
        "Tags": [
          {
            "Key": "Application",
            "Value": "GeDe",
          },
          {
            "Key": "Environment",
            "Value": "test",
          },
          {
            "Key": "ManagedBy",
            "Value": "CDK",
          },
          {
            "Key": "Name",
            "Value": "Gede-Test-Network/Vpc",
          },
          {
            "Key": "Organization",
            "Value": "quadnomics",
          },
        ],
      },
      "Type": "AWS::EC2::InternetGateway",
    },
    "VpcVPCGWBF912B6E": {
      "Properties": {
        "InternetGatewayId": {
          "Ref": "VpcIGWD7BA715C",
        },
        "VpcId": {
          "Ref": "Vpc8378EB38",
        },
      },
      "Type": "AWS::EC2::VPCGatewayAttachment",
    },
    "VpcisolatedSubnet1RouteTableAssociationD259E31A": {
      "Properties": {
        "RouteTableId": {
          "Ref": "VpcisolatedSubnet1RouteTableE442650B",
        },
        "SubnetId": {
          "Ref": "VpcisolatedSubnet1SubnetE62B1B9B",
        },
      },
      "Type": "AWS::EC2::SubnetRouteTableAssociation",
    },
    "VpcisolatedSubnet1RouteTableE442650B": {
      "Properties": {
        "Tags": [
          {
            "Key": "Application",
            "Value": "GeDe",
          },
          {
            "Key": "Environment",
            "Value": "test",
          },
          {
            "Key": "ManagedBy",
            "Value": "CDK",
          },
          {
            "Key": "Name",
            "Value": "Gede-Test-Network/Vpc/isolatedSubnet1",
          },
          {
            "Key": "Organization",
            "Value": "quadnomics",
          },
        ],
        "VpcId": {
          "Ref": "Vpc8378EB38",
        },
      },
      "Type": "AWS::EC2::RouteTable",
    },
    "VpcisolatedSubnet1SubnetE62B1B9B": {
      "Properties": {
        "AvailabilityZone": "us-east-1a",
        "CidrBlock": "10.0.4.0/24",
        "MapPublicIpOnLaunch": false,
        "Tags": [
          {
            "Key": "Application",
            "Value": "GeDe",
          },
          {
            "Key": "aws-cdk:subnet-name",
            "Value": "isolated",
          },
          {
            "Key": "aws-cdk:subnet-type",
            "Value": "Isolated",
          },
          {
            "Key": "Environment",
            "Value": "test",
          },
          {
            "Key": "ManagedBy",
            "Value": "CDK",
          },
          {
            "Key": "Name",
            "Value": "Gede-Test-Network/Vpc/isolatedSubnet1",
          },
          {
            "Key": "Organization",
            "Value": "quadnomics",
          },
        ],
        "VpcId": {
          "Ref": "Vpc8378EB38",
        },
      },
      "Type": "AWS::EC2::Subnet",
    },
    "VpcisolatedSubnet2RouteTable334F9764": {
      "Properties": {
        "Tags": [
          {
            "Key": "Application",
            "Value": "GeDe",
          },
          {
            "Key": "Environment",
            "Value": "test",
          },
          {
            "Key": "ManagedBy",
            "Value": "CDK",
          },
          {
            "Key": "Name",
            "Value": "Gede-Test-Network/Vpc/isolatedSubnet2",
          },
          {
            "Key": "Organization",
            "Value": "quadnomics",
          },
        ],
        "VpcId": {
          "Ref": "Vpc8378EB38",
        },
      },
      "Type": "AWS::EC2::RouteTable",
    },
    "VpcisolatedSubnet2RouteTableAssociation25A4716F": {
      "Properties": {
        "RouteTableId": {
          "Ref": "VpcisolatedSubnet2RouteTable334F9764",
        },
        "SubnetId": {
          "Ref": "VpcisolatedSubnet2Subnet39217055",
        },
      },
      "Type": "AWS::EC2::SubnetRouteTableAssociation",
    },
    "VpcisolatedSubnet2Subnet39217055": {
      "Properties": {
        "AvailabilityZone": "us-east-1b",
        "CidrBlock": "10.0.5.0/24",
        "MapPublicIpOnLaunch": false,
        "Tags": [
          {
            "Key": "Application",
            "Value": "GeDe",
          },
          {
            "Key": "aws-cdk:subnet-name",
            "Value": "isolated",
          },
          {
            "Key": "aws-cdk:subnet-type",
            "Value": "Isolated",
          },
          {
            "Key": "Environment",
            "Value": "test",
          },
          {
            "Key": "ManagedBy",
            "Value": "CDK",
          },
          {
            "Key": "Name",
            "Value": "Gede-Test-Network/Vpc/isolatedSubnet2",
          },
          {
            "Key": "Organization",
            "Value": "quadnomics",
          },
        ],
        "VpcId": {
          "Ref": "Vpc8378EB38",
        },
      },
      "Type": "AWS::EC2::Subnet",
    },
    "VpcprivateSubnet1DefaultRouteB506891A": {
      "Properties": {
        "DestinationCidrBlock": "0.0.0.0/0",
        "NatGatewayId": {
          "Ref": "VpcpublicSubnet1NATGatewayA036E8A6",
        },
        "RouteTableId": {
          "Ref": "VpcprivateSubnet1RouteTable1979EACB",
        },
      },
      "Type": "AWS::EC2::Route",
    },
    "VpcprivateSubnet1RouteTable1979EACB": {
      "Properties": {
        "Tags": [
          {
            "Key": "Application",
            "Value": "GeDe",
          },
          {
            "Key": "Environment",
            "Value": "test",
          },
          {
            "Key": "ManagedBy",
            "Value": "CDK",
          },
          {
            "Key": "Name",
            "Value": "Gede-Test-Network/Vpc/privateSubnet1",
          },
          {
            "Key": "Organization",
            "Value": "quadnomics",
          },
        ],
        "VpcId": {
          "Ref": "Vpc8378EB38",
        },
      },
      "Type": "AWS::EC2::RouteTable",
    },
    "VpcprivateSubnet1RouteTableAssociationEEBD93CE": {
      "Properties": {
        "RouteTableId": {
          "Ref": "VpcprivateSubnet1RouteTable1979EACB",
        },
        "SubnetId": {
          "Ref": "VpcprivateSubnet1SubnetCEAD3716",
        },
      },
      "Type": "AWS::EC2::SubnetRouteTableAssociation",
    },
    "VpcprivateSubnet1SubnetCEAD3716": {
      "Properties": {
        "AvailabilityZone": "us-east-1a",
        "CidrBlock": "10.0.2.0/24",
        "MapPublicIpOnLaunch": false,
        "Tags": [
          {
            "Key": "Application",
            "Value": "GeDe",
          },
          {
            "Key": "aws-cdk:subnet-name",
            "Value": "private",
          },
          {
            "Key": "aws-cdk:subnet-type",
            "Value": "Private",
          },
          {
            "Key": "Environment",
            "Value": "test",
          },
          {
            "Key": "ManagedBy",
            "Value": "CDK",
          },
          {
            "Key": "Name",
            "Value": "Gede-Test-Network/Vpc/privateSubnet1",
          },
          {
            "Key": "Organization",
            "Value": "quadnomics",
          },
        ],
        "VpcId": {
          "Ref": "Vpc8378EB38",
        },
      },
      "Type": "AWS::EC2::Subnet",
    },
    "VpcprivateSubnet2DefaultRouteBAC3C1C3": {
      "Properties": {
        "DestinationCidrBlock": "0.0.0.0/0",
        "NatGatewayId": {
          "Ref": "VpcpublicSubnet1NATGatewayA036E8A6",
        },
        "RouteTableId": {
          "Ref": "VpcprivateSubnet2RouteTable4D0FFC8C",
        },
      },
      "Type": "AWS::EC2::Route",
    },
    "VpcprivateSubnet2RouteTable4D0FFC8C": {
      "Properties": {
        "Tags": [
          {
            "Key": "Application",
            "Value": "GeDe",
          },
          {
            "Key": "Environment",
            "Value": "test",
          },
          {
            "Key": "ManagedBy",
            "Value": "CDK",
          },
          {
            "Key": "Name",
            "Value": "Gede-Test-Network/Vpc/privateSubnet2",
          },
          {
            "Key": "Organization",
            "Value": "quadnomics",
          },
        ],
        "VpcId": {
          "Ref": "Vpc8378EB38",
        },
      },
      "Type": "AWS::EC2::RouteTable",
    },
    "VpcprivateSubnet2RouteTableAssociationB691E645": {
      "Properties": {
        "RouteTableId": {
          "Ref": "VpcprivateSubnet2RouteTable4D0FFC8C",
        },
        "SubnetId": {
          "Ref": "VpcprivateSubnet2Subnet2DE7549C",
        },
      },
      "Type": "AWS::EC2::SubnetRouteTableAssociation",
    },
    "VpcprivateSubnet2Subnet2DE7549C": {
      "Properties": {
        "AvailabilityZone": "us-east-1b",
        "CidrBlock": "10.0.3.0/24",
        "MapPublicIpOnLaunch": false,
        "Tags": [
          {
            "Key": "Application",
            "Value": "GeDe",
          },
          {
            "Key": "aws-cdk:subnet-name",
            "Value": "private",
          },
          {
            "Key": "aws-cdk:subnet-type",
            "Value": "Private",
          },
          {
            "Key": "Environment",
            "Value": "test",
          },
          {
            "Key": "ManagedBy",
            "Value": "CDK",
          },
          {
            "Key": "Name",
            "Value": "Gede-Test-Network/Vpc/privateSubnet2",
          },
          {
            "Key": "Organization",
            "Value": "quadnomics",
          },
        ],
        "VpcId": {
          "Ref": "Vpc8378EB38",
        },
      },
      "Type": "AWS::EC2::Subnet",
    },
    "VpcpublicSubnet1DefaultRouteB88F9E93": {
      "DependsOn": [
        "VpcVPCGWBF912B6E",
      ],
      "Properties": {
        "DestinationCidrBlock": "0.0.0.0/0",
        "GatewayId": {
          "Ref": "VpcIGWD7BA715C",
        },
        "RouteTableId": {
          "Ref": "VpcpublicSubnet1RouteTable15C15F8E",
        },
      },
      "Type": "AWS::EC2::Route",
    },
    "VpcpublicSubnet1EIP411541E6": {
      "Properties": {
        "Domain": "vpc",
        "Tags": [
          {
            "Key": "Application",
            "Value": "GeDe",
          },
          {
            "Key": "Environment",
            "Value": "test",
          },
          {
            "Key": "ManagedBy",
            "Value": "CDK",
          },
          {
            "Key": "Name",
            "Value": "Gede-Test-Network/Vpc/publicSubnet1",
          },
          {
            "Key": "Organization",
            "Value": "quadnomics",
          },
        ],
      },
      "Type": "AWS::EC2::EIP",
    },
    "VpcpublicSubnet1NATGatewayA036E8A6": {
      "DependsOn": [
        "VpcpublicSubnet1DefaultRouteB88F9E93",
        "VpcpublicSubnet1RouteTableAssociation4E83B6E4",
      ],
      "Properties": {
        "AllocationId": {
          "Fn::GetAtt": [
            "VpcpublicSubnet1EIP411541E6",
            "AllocationId",
          ],
        },
        "SubnetId": {
          "Ref": "VpcpublicSubnet1Subnet2BB74ED7",
        },
        "Tags": [
          {
            "Key": "Application",
            "Value": "GeDe",
          },
          {
            "Key": "Environment",
            "Value": "test",
          },
          {
            "Key": "ManagedBy",
            "Value": "CDK",
          },
          {
            "Key": "Name",
            "Value": "Gede-Test-Network/Vpc/publicSubnet1",
          },
          {
            "Key": "Organization",
            "Value": "quadnomics",
          },
        ],
      },
      "Type": "AWS::EC2::NatGateway",
    },
    "VpcpublicSubnet1RouteTable15C15F8E": {
      "Properties": {
        "Tags": [
          {
            "Key": "Application",
            "Value": "GeDe",
          },
          {
            "Key": "Environment",
            "Value": "test",
          },
          {
            "Key": "ManagedBy",
            "Value": "CDK",
          },
          {
            "Key": "Name",
            "Value": "Gede-Test-Network/Vpc/publicSubnet1",
          },
          {
            "Key": "Organization",
            "Value": "quadnomics",
          },
        ],
        "VpcId": {
          "Ref": "Vpc8378EB38",
        },
      },
      "Type": "AWS::EC2::RouteTable",
    },
    "VpcpublicSubnet1RouteTableAssociation4E83B6E4": {
      "Properties": {
        "RouteTableId": {
          "Ref": "VpcpublicSubnet1RouteTable15C15F8E",
        },
        "SubnetId": {
          "Ref": "VpcpublicSubnet1Subnet2BB74ED7",
        },
      },
      "Type": "AWS::EC2::SubnetRouteTableAssociation",
    },
    "VpcpublicSubnet1Subnet2BB74ED7": {
      "Properties": {
        "AvailabilityZone": "us-east-1a",
        "CidrBlock": "10.0.0.0/24",
        "MapPublicIpOnLaunch": true,
        "Tags": [
          {
            "Key": "Application",
            "Value": "GeDe",
          },
          {
            "Key": "aws-cdk:subnet-name",
            "Value": "public",
          },
          {
            "Key": "aws-cdk:subnet-type",
            "Value": "Public",
          },
          {
            "Key": "Environment",
            "Value": "test",
          },
          {
            "Key": "ManagedBy",
            "Value": "CDK",
          },
          {
            "Key": "Name",
            "Value": "Gede-Test-Network/Vpc/publicSubnet1",
          },
          {
            "Key": "Organization",
            "Value": "quadnomics",
          },
        ],
        "VpcId": {
          "Ref": "Vpc8378EB38",
        },
      },
      "Type": "AWS::EC2::Subnet",
    },
    "VpcpublicSubnet2DefaultRoute732F0BEB": {
      "DependsOn": [
        "VpcVPCGWBF912B6E",
      ],
      "Properties": {
        "DestinationCidrBlock": "0.0.0.0/0",
        "GatewayId": {
          "Ref": "VpcIGWD7BA715C",
        },
        "RouteTableId": {
          "Ref": "VpcpublicSubnet2RouteTableC5A6DF77",
        },
      },
      "Type": "AWS::EC2::Route",
    },
    "VpcpublicSubnet2RouteTableAssociationCCE257FF": {
      "Properties": {
        "RouteTableId": {
          "Ref": "VpcpublicSubnet2RouteTableC5A6DF77",
        },
        "SubnetId": {
          "Ref": "VpcpublicSubnet2SubnetE34B022A",
        },
      },
      "Type": "AWS::EC2::SubnetRouteTableAssociation",
    },
    "VpcpublicSubnet2RouteTableC5A6DF77": {
      "Properties": {
        "Tags": [
          {
            "Key": "Application",
            "Value": "GeDe",
          },
          {
            "Key": "Environment",
            "Value": "test",
          },
          {
            "Key": "ManagedBy",
            "Value": "CDK",
          },
          {
            "Key": "Name",
            "Value": "Gede-Test-Network/Vpc/publicSubnet2",
          },
          {
            "Key": "Organization",
            "Value": "quadnomics",
          },
        ],
        "VpcId": {
          "Ref": "Vpc8378EB38",
        },
      },
      "Type": "AWS::EC2::RouteTable",
    },
    "VpcpublicSubnet2SubnetE34B022A": {
      "Properties": {
        "AvailabilityZone": "us-east-1b",
        "CidrBlock": "10.0.1.0/24",
        "MapPublicIpOnLaunch": true,
        "Tags": [
          {
            "Key": "Application",
            "Value": "GeDe",
          },
          {
            "Key": "aws-cdk:subnet-name",
            "Value": "public",
          },
          {
            "Key": "aws-cdk:subnet-type",
            "Value": "Public",
          },
          {
            "Key": "Environment",
            "Value": "test",
          },
          {
            "Key": "ManagedBy",
            "Value": "CDK",
          },
          {
            "Key": "Name",
            "Value": "Gede-Test-Network/Vpc/publicSubnet2",
          },
          {
            "Key": "Organization",
            "Value": "quadnomics",
          },
        ],
        "VpcId": {
          "Ref": "Vpc8378EB38",
        },
      },
      "Type": "AWS::EC2::Subnet",
    },
  },
  "Rules": {
    "CheckBootstrapVersion": {
      "Assertions": [
        {
          "Assert": {
            "Fn::Not": [
              {
                "Fn::Contains": [
                  [
                    "1",
                    "2",
                    "3",
                    "4",
                    "5",
                  ],
                  {
                    "Ref": "BootstrapVersion",
                  },
                ],
              },
            ],
          },
          "AssertDescription": "CDK bootstrap stack version 6 required. Please run 'cdk bootstrap' with a recent version of the CDK CLI.",
        },
      ],
    },
  },
}
`;
